═══════════════════════════════════════════════
  GAUNTLET: All 870 frames, single run
═══════════════════════════════════════════════

🟢 ALIVE at sol 870
Crew: 4/2 | HP:86 | Power:0 | Solar:14% | CRI:36
Score: 89840
